[host] Connecting to client host '127.0.0.1' port '45127'
host connected
--> {"jsonrpc": "2.0", "id": 1, "method": "initialize", "params": {"processId": 1234, "clientInfo": {"name": "stryker-probe", "version": "1.0.0"}, "capabilities": {"testing": {"debuggerProvider": false}}}}
<-- {"jsonrpc": "2.0", "id": 1, "result": {"processId": 10264, "serverInfo": {"name": "test-anywhere", "version": "2.3.3"}, "capabilities": {"testing": {"supportsDiscovery": true, "experimental_multiRequestSupport": false, "vstestProvider": false, "attachmentsSupport": true, "multipleConnectionProvider": false}}}}
--> {"jsonrpc": "2.0", "method": "initialized", "params": {}}
--> {"jsonrpc": "2.0", "id": 2, "method": "testing/discoverTests", "params": {"runId": "00000000-0000-0000-0000-000000000001"}}
<-- {"jsonrpc": "2.0", "method": "client/log", "params": {"level": "Information", "message": "Connecting to client host '127.0.0.1' port '45127'"}}
<-- {"jsonrpc": "2.0", "method": "client/log", "params": {"level": "Trace", "message": "Starting test session."}}
<-- {"jsonrpc": "2.0", "method": "testing/testUpdates/tests", "params": {"runId": "00000000-0000-0000-0000-000000000001", "changes": [{"node": {"uid": "18406da9329c48a8649dd70a904305133ca9f63f8ee8f8a5a2d6e66449b214c6", "display-name": "Polly.Tests.StrongNameTests.Tests_Are_Strong_Named", "location.file": "/home/user/polly/test/Shared/StrongNameTests.cs", "location.line-start": 8, "location.line-end": 8, "location.type": "Polly.Tests.StrongNameTests", "location.method": "Tests_Are_Strong_Named", "location.method-arity": 0, "node-type": "action", "execution-state": "discovered"}, "parent": null}, {"
<-- {"jsonrpc": "2.0", "method": "testing/testUpdates/tests", "params": {"runId": "00000000-0000-0000-0000-000000000001", "changes": [{"node": {"uid": "c87819cd66896d4860b8af089548557df3820cf519da7678f1188428b4f9054b", "display-name": "Polly.Core.Tests.Simmy.Outcomes.ChaosOutcomeStrategyTests.ResultInvalidCtor", "location.file": "/home/user/polly/test/Polly.Core.Tests/Simmy/Outcomes/ChaosOutcomeStrategyTests.cs", "location.line-start": 35, "location.line-end": 35, "location.type": "Polly.Core.Tests.Simmy.Outcomes.ChaosOutcomeStrategyTests", "location.method": "ResultInvalidCtor(System.Object,Syste
<-- {"jsonrpc": "2.0", "method": "client/log", "params": {"level": "Trace", "message": "Finished test session."}}
<-- {"jsonrpc": "2.0", "method": "testing/testUpdates/tests", "params": {"runId": "00000000-0000-0000-0000-000000000001", "changes": null}}
<-- {"jsonrpc": "2.0", "method": "telemetry/update", "params": {"eventName": "dotnet/testingplatform/execution/testsdiscovery", "metrics": {"total discovered": 698, "request start": "2026-08-06T08:43:25.0998053+00:00", "request stop": "2026-08-06T08:43:25.6674366+00:00", "adapter load start": "2026-08-06T08:43:25.1021805+00:00", "adapter load stop": "2026-08-06T08:43:25.1687354+00:00", "request execute start": "2026-08-06T08:43:25.1687359+00:00", "request execute stop": "2026-08-06T08:43:25.6648521+00:00", "filter enabled": "false"}}}
<-- {"jsonrpc": "2.0", "id": 2, "result": {}}
discovered 698 tests; requesting a run of the first 3
--> {"jsonrpc": "2.0", "id": 3, "method": "testing/runTests", "params": {"runId": "00000000-0000-0000-0000-000000000002", "tests": [{"uid": "18406da9329c48a8649dd70a904305133ca9f63f8ee8f8a5a2d6e66449b214c6", "display-name": "Polly.Tests.StrongNameTests.Tests_Are_Strong_Named", "node-type": "action", "execution-state": "discovered"}, {"uid": "47f2723e8a69a68ad4cc3f546ed32aa5bd13a8547f70ac95d0f9f3b3de92
<-- {"jsonrpc": "2.0", "method": "client/log", "params": {"level": "Trace", "message": "Starting test session."}}
<-- {"jsonrpc": "2.0", "method": "testing/testUpdates/tests", "params": {"runId": "00000000-0000-0000-0000-000000000002", "changes": [{"node": {"uid": "4dad2f3e52d5286567ea1a94ff810b24cf4e5cb326d90d3ab6b04d42c7021330", "display-name": "Polly.Core.Tests.GenericResiliencePipelineBuilderTests.Ctor_EnsureDefaults", "location.file": "/home/user/polly/test/Polly.Core.Tests/GenericResiliencePipelineBuilderTests.cs", "location.line-start": 12, "location.line-end": 12, "location.type": "Polly.Core.Tests.GenericResiliencePipelineBuilderTests", "location.method": "Ctor_EnsureDefaults", "location.method-arity
<-- {"jsonrpc": "2.0", "method": "client/log", "params": {"level": "Trace", "message": "Finished test session."}}
<-- {"jsonrpc": "2.0", "method": "testing/testUpdates/tests", "params": {"runId": "00000000-0000-0000-0000-000000000002", "changes": null}}
<-- {"jsonrpc": "2.0", "method": "telemetry/update", "params": {"eventName": "dotnet/testingplatform/execution/testsrun", "metrics": {"total passed": 3, "total failed": 0, "total passed retries": 0, "total failed retries": 0, "request start": "2026-08-06T08:43:25.6795771+00:00", "request stop": "2026-08-06T08:43:26.0649912+00:00", "adapter load start": "2026-08-06T08:43:25.6796209+00:00", "adapter load stop": "2026-08-06T08:43:25.6939834+00:00", "request execute start": "2026-08-06T08:43:25.6939837+00:00", "request execute stop": "2026-08-06T08:43:26.0649485+00:00", "filter enabled": "true"}}}
<-- {"jsonrpc": "2.0", "id": 3, "result": {"attachments": []}}
run #1 answered: {"jsonrpc": "2.0", "id": 3, "result": {"attachments": []}}
--- now sending a SECOND run request on the same host ---
--> {"jsonrpc": "2.0", "id": 4, "method": "testing/runTests", "params": {"runId": "00000000-0000-0000-0000-000000000003", "tests": [{"uid": "8b21aaefbbb587ef803b96282dd6f326e82f85f200fe1df0699614912cf3168c", "display-name": "Polly.Core.Tests.GenericResiliencePipelineBuilderTests.CopyCtor_Ok", "node-type": "action", "execution-state": "discovered"}, {"uid": "1af41c02c14b226be58b4f9c8993e8848b2a15d0fcd6
<-- {"jsonrpc": "2.0", "method": "client/log", "params": {"level": "Trace", "message": "Starting test session."}}
<-- {"jsonrpc": "2.0", "method": "testing/testUpdates/tests", "params": {"runId": "00000000-0000-0000-0000-000000000003", "changes": [{"node": {"uid": "0d2ce830a385fd29dff19654945d82640d463a4a628ae6e78955ffc63d494fde", "display-name": "Polly.Core.Tests.GenericResiliencePipelineBuilderTests.Build_Ok", "location.file": "/home/user/polly/test/Polly.Core.Tests/GenericResiliencePipelineBuilderTests.cs", "location.line-start": 34, "location.line-end": 34, "location.type": "Polly.Core.Tests.GenericResiliencePipelineBuilderTests", "location.method": "Build_Ok", "location.method-arity": 0, "node-type": "ac
<-- {"jsonrpc": "2.0", "method": "client/log", "params": {"level": "Trace", "message": "Finished test session."}}
<-- {"jsonrpc": "2.0", "method": "testing/testUpdates/tests", "params": {"runId": "00000000-0000-0000-0000-000000000003", "changes": null}}
<-- {"jsonrpc": "2.0", "method": "telemetry/update", "params": {"eventName": "dotnet/testingplatform/execution/testsrun", "metrics": {"total passed": 3, "total failed": 0, "total passed retries": 0, "total failed retries": 0, "request start": "2026-08-06T08:43:26.0696522+00:00", "request stop": "2026-08-06T08:43:26.2216115+00:00", "adapter load start": "2026-08-06T08:43:26.0696755+00:00", "adapter load stop": "2026-08-06T08:43:26.0707548+00:00", "request execute start": "2026-08-06T08:43:26.0707549+00:00", "request execute stop": "2026-08-06T08:43:26.2215735+00:00", "filter enabled": "true"}}}
<-- {"jsonrpc": "2.0", "id": 4, "result": {"attachments": []}}
run #2 answered: {"jsonrpc": "2.0", "id": 4, "result": {"attachments": []}}
host exit code: -15
