[host] Connecting to client host '127.0.0.1' port '45126'
host connected
--> {"jsonrpc": "2.0", "id": 1, "method": "initialize", "params": {"processId": 1234, "clientInfo": {"name": "stryker-probe", "version": "1.0.0"}, "capabilities": {"testing": {"debuggerProvider": false}}}}
<-- {"jsonrpc": "2.0", "id": 1, "result": {"processId": 9522, "serverInfo": {"name": "test-anywhere", "version": "2.3.3"}, "capabilities": {"testing": {"supportsDiscovery": true, "experimental_multiRequestSupport": false, "vstestProvider": false, "attachmentsSupport": true, "multipleConnectionProvider": false}}}}
--> {"jsonrpc": "2.0", "method": "initialized", "params": {}}
--> {"jsonrpc": "2.0", "id": 2, "method": "testing/discoverTests", "params": {"runId": "00000000-0000-0000-0000-000000000001"}}
<-- {"jsonrpc": "2.0", "method": "client/log", "params": {"level": "Information", "message": "Connecting to client host '127.0.0.1' port '45126'"}}
<-- {"jsonrpc": "2.0", "method": "client/log", "params": {"level": "Trace", "message": "Starting test session."}}
<-- {"jsonrpc": "2.0", "method": "testing/testUpdates/tests", "params": {"runId": "00000000-0000-0000-0000-000000000001", "changes": [{"node": {"uid": "18406da9329c48a8649dd70a904305133ca9f63f8ee8f8a5a2d6e66449b214c6", "display-name": "Polly.Tests.StrongNameTests.Tests_Are_Strong_Named", "location.file": "/home/user/polly/test/Shared/StrongNameTests.cs", "location.line-start": 8, "location.line-end": 8, "location.type": "Polly.Tests.StrongNameTests", "location.method": "Tests_Are_Strong_Named", "location.method-arity": 0, "node-type": "action", "execution-state": "discovered"}, "parent": null}, {"
<-- {"jsonrpc": "2.0", "method": "testing/testUpdates/tests", "params": {"runId": "00000000-0000-0000-0000-000000000001", "changes": [{"node": {"uid": "4aea261ca0664875d75b45cba59e3c3dcfbacc9e4d3205b129e3f9a086e1d3c0", "display-name": "Polly.Core.Tests.Utils.Pipeline.PipelineComponentFactoryTests.WithDisposableCallbacks_NoCallbacks_ReturnsOriginalComponent", "location.file": "/home/user/polly/test/Polly.Core.Tests/Utils/Pipeline/PipelineComponentFactoryTests.cs", "location.line-start": 25, "location.line-end": 25, "location.type": "Polly.Core.Tests.Utils.Pipeline.PipelineComponentFactoryTests", "l
<-- {"jsonrpc": "2.0", "method": "testing/testUpdates/tests", "params": {"runId": "00000000-0000-0000-0000-000000000001", "changes": [{"node": {"uid": "add5db7e82dcf1ec7db049282689a88581568783c68c0b0b69411b53888fc8b4", "display-name": "Polly.Core.Tests.CircuitBreaker.CircuitBreakerResilienceStrategyTests.Execute_HandledException_OnFailureCalled", "location.file": "/home/user/polly/test/Polly.Core.Tests/CircuitBreaker/CircuitBreakerResilienceStrategyTests.cs", "location.line-start": 94, "location.line-end": 94, "location.type": "Polly.Core.Tests.CircuitBreaker.CircuitBreakerResilienceStrategyTests"
<-- {"jsonrpc": "2.0", "method": "client/log", "params": {"level": "Trace", "message": "Finished test session."}}
<-- {"jsonrpc": "2.0", "method": "testing/testUpdates/tests", "params": {"runId": "00000000-0000-0000-0000-000000000001", "changes": null}}
<-- {"jsonrpc": "2.0", "method": "telemetry/update", "params": {"eventName": "dotnet/testingplatform/execution/testsdiscovery", "metrics": {"total discovered": 698, "request start": "2026-08-06T08:42:32.8266385+00:00", "request stop": "2026-08-06T08:42:33.5076586+00:00", "adapter load start": "2026-08-06T08:42:32.8292271+00:00", "adapter load stop": "2026-08-06T08:42:32.9024807+00:00", "request execute start": "2026-08-06T08:42:32.9024812+00:00", "request execute stop": "2026-08-06T08:42:33.5050514+00:00", "filter enabled": "false"}}}
<-- {"jsonrpc": "2.0", "id": 2, "result": {}}
discovered 698 tests; requesting a run of the first 3
--> {"jsonrpc": "2.0", "id": 3, "method": "testing/runTests", "params": {"runId": "00000000-0000-0000-0000-000000000002", "tests": [{"uid": "18406da9329c48a8649dd70a904305133ca9f63f8ee8f8a5a2d6e66449b214c6", "display-name": "Polly.Tests.StrongNameTests.Tests_Are_Strong_Named", "node-type": "action", "execution-state": "discovered"}, {"uid": "47f2723e8a69a68ad4cc3f546ed32aa5bd13a8547f70ac95d0f9f3b3de92
<-- {"jsonrpc": "2.0", "method": "client/log", "params": {"level": "Trace", "message": "Starting test session."}}
<-- {"jsonrpc": "2.0", "method": "testing/testUpdates/tests", "params": {"runId": "00000000-0000-0000-0000-000000000002", "changes": [{"node": {"uid": "4dad2f3e52d5286567ea1a94ff810b24cf4e5cb326d90d3ab6b04d42c7021330", "display-name": "Polly.Core.Tests.GenericResiliencePipelineBuilderTests.Ctor_EnsureDefaults", "location.file": "/home/user/polly/test/Polly.Core.Tests/GenericResiliencePipelineBuilderTests.cs", "location.line-start": 12, "location.line-end": 12, "location.type": "Polly.Core.Tests.GenericResiliencePipelineBuilderTests", "location.method": "Ctor_EnsureDefaults", "location.method-arity
<-- {"jsonrpc": "2.0", "method": "client/log", "params": {"level": "Trace", "message": "Finished test session."}}
<-- {"jsonrpc": "2.0", "method": "testing/testUpdates/tests", "params": {"runId": "00000000-0000-0000-0000-000000000002", "changes": null}}
<-- {"jsonrpc": "2.0", "method": "telemetry/update", "params": {"eventName": "dotnet/testingplatform/execution/testsrun", "metrics": {"total passed": 3, "total failed": 0, "total passed retries": 0, "total failed retries": 0, "request start": "2026-08-06T08:42:33.5182702+00:00", "request stop": "2026-08-06T08:42:33.8730686+00:00", "adapter load start": "2026-08-06T08:42:33.5183036+00:00", "adapter load stop": "2026-08-06T08:42:33.5287802+00:00", "request execute start": "2026-08-06T08:42:33.5287803+00:00", "request execute stop": "2026-08-06T08:42:33.8730193+00:00", "filter enabled": "true"}}}
<-- {"jsonrpc": "2.0", "id": 3, "result": {"attachments": []}}
run request answered
host exit code: -15
